ASxxxx Linker V02.00 + NoICE + sdld,  page 1.
Hexadecimal  [32-Bits]

Area                                    Addr        Size        Decimal Bytes (Attributes)
--------------------------------        ----        ----        ------- ----- ------------
CABS                                00000000    00000000 =           0. bytes (ABS,CON,CODE)

      Value  Global                              Global Defined In Module
      -----  --------------------------------   ------------------------
     0C:   00000000  l_BIT_BANK                      
     0C:   00000000  l_CABS                          
     0C:   00000000  l_GSINIT1                       
     0C:   00000000  l_GSINIT5                       
     0C:   00000000  l_IABS                          
     0C:   00000000  l_ISEG                          
     0C:   00000000  l_REG_BANK_1                    
     0C:   00000000  l_REG_BANK_2                    
     0C:   00000000  l_REG_BANK_3                    
     0C:   00000000  l_RSEG                          
     0C:   00000000  l_RSEG0                         
     0C:   00000000  l_RSEG1                         
     0C:   00000000  l_XABS                          
     0C:   00000000  l__CODE                         
     0C:   00000000  s_BSEG                          
     0C:   00000000  s_CABS                          
     0C:   00000000  s_DSEG                          
     0C:   00000000  s_IABS                          
     0C:   00000000  s_ISEG                          
     0C:   00000000  s_REG_BANK_0                    
     0C:   00000000  s_RSEG                          
     0C:   00000000  s_RSEG0                         
     0C:   00000000  s_RSEG1                         
     0C:   00000000  s_XABS                          
     0C:   00000003  l_BSEG_BYTES                    
     0C:   00000003  l_GSFINAL                       
     0C:   00000003  l_GSINIT0                       
     0C:   00000004  l_OSEG                          
     0C:   00000008  l_REG_BANK_0                    
     0C:   00000008  s_REG_BANK_1                    
     0C:   00000009  l_XINIT                         
     0C:   00000009  l_XISEG                         
     0C:   0000000A  l_GSINIT2                       
     0C:   00000010  s_REG_BANK_2                    
     0C:   00000014  l_BSEG                          
     0C:   00000018  s_BIT_BANK                      
     0C:   00000018  s_REG_BANK_3                    
     0C:   00000020  s_BSEG_BYTES                    
     0C:   00000020  s__CODE                         
     0C:   00000022  l_GSINIT3                       
     0C:   00000023  s_OSEG                          
     0C:   00000027  s_SSEG                          
     0C:   0000002A  l_GSINIT4                       
     0C:   0000003D  l_GSINIT                        
     0C:   0000006B  l_PSEG                          
     0C:   0000006D  l_HOME                          
     0C:   0000007F  l_DSEG                          
     0C:   000000D9  l_SSEG                          
     0C:   00000100  l_IRAM                          
     0C:   0000010E  l_CONST                         
ASxxxx Linker V02.00 + NoICE + sdld,  page 2.
Hexadecimal  [32-Bits]

Area                                    Addr        Size        Decimal Bytes (Attributes)
--------------------------------        ----        ----        ------- ----- ------------
CABS                                00000000    00000000 =           0. bytes (ABS,CON,CODE)

      Value  Global                              Global Defined In Module
      -----  --------------------------------   ------------------------
     0C:   00000400  s_HOME                          
     0C:   0000042D  l_XSEG                          
     0C:   0000046D  s_GSINIT0                       
     0C:   00000470  s_GSINIT1                       
     0C:   00000470  s_GSINIT2                       
     0C:   0000047A  s_GSINIT3                       
     0C:   0000049C  s_GSINIT4                       
     0C:   000004C6  s_GSINIT                        
     0C:   000004C6  s_GSINIT5                       
     0C:   00000503  s_GSFINAL                       
     0C:   00000506  s_CSEG                          
     0C:   00001A8D  l_CSEG                          
     0C:   00001F93  s_CONST                         
     0C:   000020A1  s_XINIT                         
     0C:   0000F000  s_PSEG                          
     0C:   0000F000  s_XSEG                          
     0C:   0000F498  s_XISEG                         

ASxxxx Linker V02.00 + NoICE + sdld,  page 3.
Hexadecimal  [32-Bits]

Area                                    Addr        Size        Decimal Bytes (Attributes)
--------------------------------        ----        ----        ------- ----- ------------
.	.ABS.                             00000000    00000000 =           0. bytes (ABS,CON)

      Value  Global                              Global Defined In Module
      -----  --------------------------------   ------------------------
           00000000  .__.ABS.                           _bp
           00000080  Fadc$P0$0$0                        adc
           00000080  Fadc$P0_0$0$0                      adc
           00000080  Fboard$P0$0$0                      board
           00000080  Fboard$P0_0$0$0                    board
           00000080  Fdma$P0$0$0                        dma
           00000080  Fdma$P0_0$0$0                      dma
           00000080  Fgreen_led$P0$0$0                  green_led
           00000080  Fgreen_led$P0_0$0$0                green_led
           00000080  Ftest_adc$P0$0$0                   test_adc
           00000080  Ftest_adc$P0_0$0$0                 test_adc
           00000080  Ftime$P0$0$0                       time
           00000080  Ftime$P0_0$0$0                     time
           00000080  Fusb$P0$0$0                        usb
           00000080  Fusb$P0_0$0$0                      usb
           00000080  Fusb_cdc_acm$P0$0$0                usb_cdc_acm
           00000080  Fusb_cdc_acm$P0_0$0$0              usb_cdc_acm
           00000081  Fadc$P0_1$0$0                      adc
           00000081  Fadc$SP$0$0                        adc
           00000081  Fboard$P0_1$0$0                    board
           00000081  Fboard$SP$0$0                      board
           00000081  Fdma$P0_1$0$0                      dma
           00000081  Fdma$SP$0$0                        dma
           00000081  Fgreen_led$P0_1$0$0                green_led
           00000081  Fgreen_led$SP$0$0                  green_led
           00000081  Ftest_adc$P0_1$0$0                 test_adc
           00000081  Ftest_adc$SP$0$0                   test_adc
           00000081  Ftime$P0_1$0$0                     time
           00000081  Ftime$SP$0$0                       time
           00000081  Fusb$P0_1$0$0                      usb
           00000081  Fusb$SP$0$0                        usb
           00000081  Fusb_cdc_acm$P0_1$0$0              usb_cdc_acm
           00000081  Fusb_cdc_acm$SP$0$0                usb_cdc_acm
           00000082  Fadc$DPL0$0$0                      adc
           00000082  Fadc$P0_2$0$0                      adc
           00000082  Fboard$DPL0$0$0                    board
           00000082  Fboard$P0_2$0$0                    board
           00000082  Fdma$DPL0$0$0                      dma
           00000082  Fdma$P0_2$0$0                      dma
           00000082  Fgreen_led$DPL0$0$0                green_led
           00000082  Fgreen_led$P0_2$0$0                green_led
           00000082  Ftest_adc$DPL0$0$0                 test_adc
           00000082  Ftest_adc$P0_2$0$0                 test_adc
           00000082  Ftime$DPL0$0$0                     time
           00000082  Ftime$P0_2$0$0                     time
           00000082  Fusb$DPL0$0$0                      usb
           00000082  Fusb$P0_2$0$0                      usb
           00000082  Fusb_cdc_acm$DPL0$0$0              usb_cdc_acm
           00000082  Fusb_cdc_acm$P0_2$0$0              usb_cdc_acm
           00000083  Fadc$DPH0$0$0                      adc
ASxxxx Linker V02.00 + NoICE + sdld,  page 4.
Hexadecimal  [32-Bits]

Area                                    Addr        Size        Decimal Bytes (Attributes)
--------------------------------        ----        ----        ------- ----- ------------
.	.ABS.                             00000000    00000000 =           0. bytes (ABS,CON)

      Value  Global                              Global Defined In Module
      -----  --------------------------------   ------------------------
           00000083  Fadc$P0_3$0$0                      adc
           00000083  Fboard$DPH0$0$0                    board
           00000083  Fboard$P0_3$0$0                    board
           00000083  Fdma$DPH0$0$0                      dma
           00000083  Fdma$P0_3$0$0                      dma
           00000083  Fgreen_led$DPH0$0$0                green_led
           00000083  Fgreen_led$P0_3$0$0                green_led
           00000083  Ftest_adc$DPH0$0$0                 test_adc
           00000083  Ftest_adc$P0_3$0$0                 test_adc
           00000083  Ftime$DPH0$0$0                     time
           00000083  Ftime$P0_3$0$0                     time
           00000083  Fusb$DPH0$0$0                      usb
           00000083  Fusb$P0_3$0$0                      usb
           00000083  Fusb_cdc_acm$DPH0$0$0              usb_cdc_acm
           00000083  Fusb_cdc_acm$P0_3$0$0              usb_cdc_acm
           00000084  Fadc$DPL1$0$0                      adc
           00000084  Fadc$P0_4$0$0                      adc
           00000084  Fboard$DPL1$0$0                    board
           00000084  Fboard$P0_4$0$0                    board
           00000084  Fdma$DPL1$0$0                      dma
           00000084  Fdma$P0_4$0$0                      dma
           00000084  Fgreen_led$DPL1$0$0                green_led
           00000084  Fgreen_led$P0_4$0$0                green_led
           00000084  Ftest_adc$DPL1$0$0                 test_adc
           00000084  Ftest_adc$P0_4$0$0                 test_adc
           00000084  Ftime$DPL1$0$0                     time
           00000084  Ftime$P0_4$0$0                     time
           00000084  Fusb$DPL1$0$0                      usb
           00000084  Fusb$P0_4$0$0                      usb
           00000084  Fusb_cdc_acm$DPL1$0$0              usb_cdc_acm
           00000084  Fusb_cdc_acm$P0_4$0$0              usb_cdc_acm
           00000085  Fadc$DPH1$0$0                      adc
           00000085  Fadc$P0_5$0$0                      adc
           00000085  Fboard$DPH1$0$0                    board
           00000085  Fboard$P0_5$0$0                    board
           00000085  Fdma$DPH1$0$0                      dma
           00000085  Fdma$P0_5$0$0                      dma
           00000085  Fgreen_led$DPH1$0$0                green_led
           00000085  Fgreen_led$P0_5$0$0                green_led
           00000085  Ftest_adc$DPH1$0$0                 test_adc
           00000085  Ftest_adc$P0_5$0$0                 test_adc
           00000085  Ftime$DPH1$0$0                     time
           00000085  Ftime$P0_5$0$0                     time
           00000085  Fusb$DPH1$0$0                      usb
           00000085  Fusb$P0_5$0$0                      usb
           00000085  Fusb_cdc_acm$DPH1$0$0              usb_cdc_acm
           00000085  Fusb_cdc_acm$P0_5$0$0              usb_cdc_acm
           00000086  Fadc$P0_6$0$0                      adc
           00000086  Fadc$U0CSR$0$0                     adc
           00000086  Fboard$P0_6$0$0                    board
           00000086  Fboard$U0CSR$0$0                   board
ASxxxx Linker V02.00 + NoICE + sdld,  page 5.
Hexadecimal  [32-Bits]

Area                                    Addr        Size        Decimal Bytes (Attributes)
--------------------------------        ----        ----        ------- ----- ------------
.	.ABS.                             00000000    00000000 =           0. bytes (ABS,CON)

      Value  Global                              Global Defined In Module
      -----  --------------------------------   ------------------------
           00000086  Fdma$P0_6$0$0                      dma
           00000086  Fdma$U0CSR$0$0                     dma
           00000086  Fgreen_led$P0_6$0$0                green_led
           00000086  Fgreen_led$U0CSR$0$0               green_led
           00000086  Ftest_adc$P0_6$0$0                 test_adc
           00000086  Ftest_adc$U0CSR$0$0                test_adc
           00000086  Ftime$P0_6$0$0                     time
           00000086  Ftime$U0CSR$0$0                    time
           00000086  Fusb$P0_6$0$0                      usb
           00000086  Fusb$U0CSR$0$0                     usb
           00000086  Fusb_cdc_acm$P0_6$0$0              usb_cdc_acm
           00000086  Fusb_cdc_acm$U0CSR$0$0             usb_cdc_acm
           00000087  Fadc$P0_7$0$0                      adc
           00000087  Fadc$PCON$0$0                      adc
           00000087  Fboard$P0_7$0$0                    board
           00000087  Fboard$PCON$0$0                    board
           00000087  Fdma$P0_7$0$0                      dma
           00000087  Fdma$PCON$0$0                      dma
           00000087  Fgreen_led$P0_7$0$0                green_led
           00000087  Fgreen_led$PCON$0$0                green_led
           00000087  Ftest_adc$P0_7$0$0                 test_adc
           00000087  Ftest_adc$PCON$0$0                 test_adc
           00000087  Ftime$P0_7$0$0                     time
           00000087  Ftime$PCON$0$0                     time
           00000087  Fusb$P0_7$0$0                      usb
           00000087  Fusb$PCON$0$0                      usb
           00000087  Fusb_cdc_acm$P0_7$0$0              usb_cdc_acm
           00000087  Fusb_cdc_acm$PCON$0$0              usb_cdc_acm
           00000088  Fadc$TCON$0$0                      adc
           00000088  Fadc$_TCON_0$0$0                   adc
           00000088  Fboard$TCON$0$0                    board
           00000088  Fboard$_TCON_0$0$0                 board
           00000088  Fdma$TCON$0$0                      dma
           00000088  Fdma$_TCON_0$0$0                   dma
           00000088  Fgreen_led$TCON$0$0                green_led
           00000088  Fgreen_led$_TCON_0$0$0             green_led
           00000088  Ftest_adc$TCON$0$0                 test_adc
           00000088  Ftest_adc$_TCON_0$0$0              test_adc
           00000088  Ftime$TCON$0$0                     time
           00000088  Ftime$_TCON_0$0$0                  time
           00000088  Fusb$TCON$0$0                      usb
           00000088  Fusb$_TCON_0$0$0                   usb
           00000088  Fusb_cdc_acm$TCON$0$0              usb_cdc_acm
           00000088  Fusb_cdc_acm$_TCON_0$0$0           usb_cdc_acm
           00000089  Fadc$P0IFG$0$0                     adc
           00000089  Fadc$RFTXRXIF$0$0                  adc
           00000089  Fboard$P0IFG$0$0                   board
           00000089  Fboard$RFTXRXIF$0$0                board
           00000089  Fdma$P0IFG$0$0                     dma
           00000089  Fdma$RFTXRXIF$0$0                  dma
           00000089  Fgreen_led$P0IFG$0$0               green_led
ASxxxx Linker V02.00 + NoICE + sdld,  page 6.
Hexadecimal  [32-Bits]

Area                                    Addr        Size        Decimal Bytes (Attributes)
--------------------------------        ----        ----        ------- ----- ------------
.	.ABS.                             00000000    00000000 =           0. bytes (ABS,CON)

      Value  Global                              Global Defined In Module
      -----  --------------------------------   ------------------------
           00000089  Fgreen_led$RFTXRXIF$0$0            green_led
           00000089  Ftest_adc$P0IFG$0$0                test_adc
           00000089  Ftest_adc$RFTXRXIF$0$0             test_adc
           00000089  Ftime$P0IFG$0$0                    time
           00000089  Ftime$RFTXRXIF$0$0                 time
           00000089  Fusb$P0IFG$0$0                     usb
           00000089  Fusb$RFTXRXIF$0$0                  usb
           00000089  Fusb_cdc_acm$P0IFG$0$0             usb_cdc_acm
           00000089  Fusb_cdc_acm$RFTXRXIF$0$0          usb_cdc_acm
           0000008A  Fadc$P1IFG$0$0                     adc
           0000008A  Fadc$_TCON_2$0$0                   adc
           0000008A  Fboard$P1IFG$0$0                   board
           0000008A  Fboard$_TCON_2$0$0                 board
           0000008A  Fdma$P1IFG$0$0                     dma
           0000008A  Fdma$_TCON_2$0$0                   dma
           0000008A  Fgreen_led$P1IFG$0$0               green_led
           0000008A  Fgreen_led$_TCON_2$0$0             green_led
           0000008A  Ftest_adc$P1IFG$0$0                test_adc
           0000008A  Ftest_adc$_TCON_2$0$0              test_adc
           0000008A  Ftime$P1IFG$0$0                    time
           0000008A  Ftime$_TCON_2$0$0                  time
           0000008A  Fusb$P1IFG$0$0                     usb
           0000008A  Fusb$_TCON_2$0$0                   usb
           0000008A  Fusb_cdc_acm$P1IFG$0$0             usb_cdc_acm
           0000008A  Fusb_cdc_acm$_TCON_2$0$0           usb_cdc_acm
           0000008B  Fadc$P2IFG$0$0                     adc
           0000008B  Fadc$URX0IF$0$0                    adc
           0000008B  Fboard$P2IFG$0$0                   board
           0000008B  Fboard$URX0IF$0$0                  board
           0000008B  Fdma$P2IFG$0$0                     dma
           0000008B  Fdma$URX0IF$0$0                    dma
           0000008B  Fgreen_led$P2IFG$0$0               green_led
           0000008B  Fgreen_led$URX0IF$0$0              green_led
           0000008B  Ftest_adc$P2IFG$0$0                test_adc
           0000008B  Ftest_adc$URX0IF$0$0               test_adc
           0000008B  Ftime$P2IFG$0$0                    time
           0000008B  Ftime$URX0IF$0$0                   time
           0000008B  Fusb$P2IFG$0$0                     usb
           0000008B  Fusb$URX0IF$0$0                    usb
           0000008B  Fusb_cdc_acm$P2IFG$0$0             usb_cdc_acm
           0000008B  Fusb_cdc_acm$URX0IF$0$0            usb_cdc_acm
           0000008C  Fadc$PICTL$0$0                     adc
           0000008C  Fadc$_TCON_4$0$0                   adc
           0000008C  Fboard$PICTL$0$0                   board
           0000008C  Fboard$_TCON_4$0$0                 board
           0000008C  Fdma$PICTL$0$0                     dma
           0000008C  Fdma$_TCON_4$0$0                   dma
           0000008C  Fgreen_led$PICTL$0$0               green_led
           0000008C  Fgreen_led$_TCON_4$0$0             green_led
           0000008C  Ftest_adc$PICTL$0$0                test_adc
           0000008C  Ftest_adc$_TCON_4$0$0              test_adc
ASxxxx Linker V02.00 + NoICE + sdld,  page 7.
Hexadecimal  [32-Bits]

Area                                    Addr        Size        Decimal Bytes (Attributes)
--------------------------------        ----        ----        ------- ----- ------------
.	.ABS.                             00000000    00000000 =           0. bytes (ABS,CON)

      Value  Global                              Global Defined In Module
      -----  --------------------------------   ------------------------
           0000008C  Ftime$PICTL$0$0                    time
           0000008C  Ftime$_TCON_4$0$0                  time
           0000008C  Fusb$PICTL$0$0                     usb
           0000008C  Fusb$_TCON_4$0$0                   usb
           0000008C  Fusb_cdc_acm$PICTL$0$0             usb_cdc_acm
           0000008C  Fusb_cdc_acm$_TCON_4$0$0           usb_cdc_acm
           0000008D  Fadc$ADCIF$0$0                     adc
           0000008D  Fadc$P1IEN$0$0                     adc
           0000008D  Fboard$ADCIF$0$0                   board
           0000008D  Fboard$P1IEN$0$0                   board
           0000008D  Fdma$ADCIF$0$0                     dma
           0000008D  Fdma$P1IEN$0$0                     dma
           0000008D  Fgreen_led$ADCIF$0$0               green_led
           0000008D  Fgreen_led$P1IEN$0$0               green_led
           0000008D  Ftest_adc$ADCIF$0$0                test_adc
           0000008D  Ftest_adc$P1IEN$0$0                test_adc
           0000008D  Ftime$ADCIF$0$0                    time
           0000008D  Ftime$P1IEN$0$0                    time
           0000008D  Fusb$ADCIF$0$0                     usb
           0000008D  Fusb$P1IEN$0$0                     usb
           0000008D  Fusb_cdc_acm$ADCIF$0$0             usb_cdc_acm
           0000008D  Fusb_cdc_acm$P1IEN$0$0             usb_cdc_acm
           0000008E  Fadc$_TCON_6$0$0                   adc
           0000008E  Fboard$_TCON_6$0$0                 board
           0000008E  Fdma$_TCON_6$0$0                   dma
           0000008E  Fgreen_led$_TCON_6$0$0             green_led
           0000008E  Ftest_adc$_TCON_6$0$0              test_adc
           0000008E  Ftime$_TCON_6$0$0                  time
           0000008E  Fusb$_TCON_6$0$0                   usb
           0000008E  Fusb_cdc_acm$_TCON_6$0$0           usb_cdc_acm
           0000008F  Fadc$P0INP$0$0                     adc
           0000008F  Fadc$URX1IF$0$0                    adc
           0000008F  Fboard$P0INP$0$0                   board
           0000008F  Fboard$URX1IF$0$0                  board
           0000008F  Fdma$P0INP$0$0                     dma
           0000008F  Fdma$URX1IF$0$0                    dma
           0000008F  Fgreen_led$P0INP$0$0               green_led
           0000008F  Fgreen_led$URX1IF$0$0              green_led
           0000008F  Ftest_adc$P0INP$0$0                test_adc
           0000008F  Ftest_adc$URX1IF$0$0               test_adc
           0000008F  Ftime$P0INP$0$0                    time
           0000008F  Ftime$URX1IF$0$0                   time
           0000008F  Fusb$P0INP$0$0                     usb
           0000008F  Fusb$URX1IF$0$0                    usb
           0000008F  Fusb_cdc_acm$P0INP$0$0             usb_cdc_acm
           0000008F  Fusb_cdc_acm$URX1IF$0$0            usb_cdc_acm
           00000090  Fadc$P1$0$0                        adc
           00000090  Fadc$P1_0$0$0                      adc
           00000090  Fboard$P1$0$0                      board
           00000090  Fboard$P1_0$0$0                    board
           00000090  Fdma$P1$0$0                        dma
ASxxxx Linker V02.00 + NoICE + sdld,  page 8.
Hexadecimal  [32-Bits]

Area                                    Addr        Size        Decimal Bytes (Attributes)
--------------------------------        ----        ----        ------- ----- ------------
.	.ABS.                             00000000    00000000 =           0. bytes (ABS,CON)

      Value  Global                              Global Defined In Module
      -----  --------------------------------   ------------------------
           00000090  Fdma$P1_0$0$0                      dma
           00000090  Fgreen_led$P1$0$0                  green_led
           00000090  Fgreen_led$P1_0$0$0                green_led
           00000090  Ftest_adc$P1$0$0                   test_adc
           00000090  Ftest_adc$P1_0$0$0                 test_adc
           00000090  Ftime$P1$0$0                       time
           00000090  Ftime$P1_0$0$0                     time
           00000090  Fusb$P1$0$0                        usb
           00000090  Fusb$P1_0$0$0                      usb
           00000090  Fusb_cdc_acm$P1$0$0                usb_cdc_acm
           00000090  Fusb_cdc_acm$P1_0$0$0              usb_cdc_acm
           00000091  Fadc$P1_1$0$0                      adc
           00000091  Fadc$RFIM$0$0                      adc
           00000091  Fboard$P1_1$0$0                    board
           00000091  Fboard$RFIM$0$0                    board
           00000091  Fdma$P1_1$0$0                      dma
           00000091  Fdma$RFIM$0$0                      dma
           00000091  Fgreen_led$P1_1$0$0                green_led
           00000091  Fgreen_led$RFIM$0$0                green_led
           00000091  Ftest_adc$P1_1$0$0                 test_adc
           00000091  Ftest_adc$RFIM$0$0                 test_adc
           00000091  Ftime$P1_1$0$0                     time
           00000091  Ftime$RFIM$0$0                     time
           00000091  Fusb$P1_1$0$0                      usb
           00000091  Fusb$RFIM$0$0                      usb
           00000091  Fusb_cdc_acm$P1_1$0$0              usb_cdc_acm
           00000091  Fusb_cdc_acm$RFIM$0$0              usb_cdc_acm
           00000092  Fadc$DPS$0$0                       adc
           00000092  Fadc$P1_2$0$0                      adc
           00000092  Fboard$DPS$0$0                     board
           00000092  Fboard$P1_2$0$0                    board
           00000092  Fdma$DPS$0$0                       dma
           00000092  Fdma$P1_2$0$0                      dma
           00000092  Fgreen_led$DPS$0$0                 green_led
           00000092  Fgreen_led$P1_2$0$0                green_led
           00000092  Ftest_adc$DPS$0$0                  test_adc
           00000092  Ftest_adc$P1_2$0$0                 test_adc
           00000092  Ftime$DPS$0$0                      time
           00000092  Ftime$P1_2$0$0                     time
           00000092  Fusb$DPS$0$0                       usb
           00000092  Fusb$P1_2$0$0                      usb
           00000092  Fusb_cdc_acm$DPS$0$0               usb_cdc_acm
           00000092  Fusb_cdc_acm$P1_2$0$0              usb_cdc_acm
           00000093  Fadc$MPAGE$0$0                     adc
           00000093  Fadc$P1_3$0$0                      adc
           00000093  Fboard$MPAGE$0$0                   board
           00000093  Fboard$P1_3$0$0                    board
           00000093  Fdma$MPAGE$0$0                     dma
           00000093  Fdma$P1_3$0$0                      dma
           00000093  Fgreen_led$MPAGE$0$0               green_led
           00000093  Fgreen_led$P1_3$0$0                green_led
ASxxxx Linker V02.00 + NoICE + sdld,  page 9.
Hexadecimal  [32-Bits]

Area                                    Addr        Size        Decimal Bytes (Attributes)
--------------------------------        ----        ----        ------- ----- ------------
.	.ABS.                             00000000    00000000 =           0. bytes (ABS,CON)

      Value  Global                              Global Defined In Module
      -----  --------------------------------   ------------------------
           00000093  Ftest_adc$MPAGE$0$0                test_adc
           00000093  Ftest_adc$P1_3$0$0                 test_adc
           00000093  Ftime$MPAGE$0$0                    time
           00000093  Ftime$P1_3$0$0                     time
           00000093  Fusb$MPAGE$0$0                     usb
           00000093  Fusb$P1_3$0$0                      usb
           00000093  Fusb_cdc_acm$MPAGE$0$0             usb_cdc_acm
           00000093  Fusb_cdc_acm$P1_3$0$0              usb_cdc_acm
           00000093  __XPAGE                            xpage
           00000094  Fadc$P1_4$0$0                      adc
           00000094  Fboard$P1_4$0$0                    board
           00000094  Fdma$P1_4$0$0                      dma
           00000094  Fgreen_led$P1_4$0$0                green_led
           00000094  Ftest_adc$P1_4$0$0                 test_adc
           00000094  Ftime$P1_4$0$0                     time
           00000094  Fusb$P1_4$0$0                      usb
           00000094  Fusb_cdc_acm$P1_4$0$0              usb_cdc_acm
           00000095  Fadc$ENDIAN$0$0                    adc
           00000095  Fadc$P1_5$0$0                      adc
           00000095  Fboard$ENDIAN$0$0                  board
           00000095  Fboard$P1_5$0$0                    board
           00000095  Fdma$ENDIAN$0$0                    dma
           00000095  Fdma$P1_5$0$0                      dma
           00000095  Fgreen_led$ENDIAN$0$0              green_led
           00000095  Fgreen_led$P1_5$0$0                green_led
           00000095  Ftest_adc$ENDIAN$0$0               test_adc
           00000095  Ftest_adc$P1_5$0$0                 test_adc
           00000095  Ftime$ENDIAN$0$0                   time
           00000095  Ftime$P1_5$0$0                     time
           00000095  Fusb$ENDIAN$0$0                    usb
           00000095  Fusb$P1_5$0$0                      usb
           00000095  Fusb_cdc_acm$ENDIAN$0$0            usb_cdc_acm
           00000095  Fusb_cdc_acm$P1_5$0$0              usb_cdc_acm
           00000096  Fadc$P1_6$0$0                      adc
           00000096  Fboard$P1_6$0$0                    board
           00000096  Fdma$P1_6$0$0                      dma
           00000096  Fgreen_led$P1_6$0$0                green_led
           00000096  Ftest_adc$P1_6$0$0                 test_adc
           00000096  Ftime$P1_6$0$0                     time
           00000096  Fusb$P1_6$0$0                      usb
           00000096  Fusb_cdc_acm$P1_6$0$0              usb_cdc_acm
           00000097  Fadc$P1_7$0$0                      adc
           00000097  Fboard$P1_7$0$0                    board
           00000097  Fdma$P1_7$0$0                      dma
           00000097  Fgreen_led$P1_7$0$0                green_led
           00000097  Ftest_adc$P1_7$0$0                 test_adc
           00000097  Ftime$P1_7$0$0                     time
           00000097  Fusb$P1_7$0$0                      usb
           00000097  Fusb_cdc_acm$P1_7$0$0              usb_cdc_acm
           00000098  Fadc$ENCIF_0$0$0                   adc
           00000098  Fadc$S0CON$0$0                     adc
ASxxxx Linker V02.00 + NoICE + sdld,  page 10.
Hexadecimal  [32-Bits]

Area                                    Addr        Size        Decimal Bytes (Attributes)
--------------------------------        ----        ----        ------- ----- ------------
.	.ABS.                             00000000    00000000 =           0. bytes (ABS,CON)

      Value  Global                              Global Defined In Module
      -----  --------------------------------   ------------------------
           00000098  Fboard$ENCIF_0$0$0                 board
           00000098  Fboard$S0CON$0$0                   board
           00000098  Fdma$ENCIF_0$0$0                   dma
           00000098  Fdma$S0CON$0$0                     dma
           00000098  Fgreen_led$ENCIF_0$0$0             green_led
           00000098  Fgreen_led$S0CON$0$0               green_led
           00000098  Ftest_adc$ENCIF_0$0$0              test_adc
           00000098  Ftest_adc$S0CON$0$0                test_adc
           00000098  Ftime$ENCIF_0$0$0                  time
           00000098  Ftime$S0CON$0$0                    time
           00000098  Fusb$ENCIF_0$0$0                   usb
           00000098  Fusb$S0CON$0$0                     usb
           00000098  Fusb_cdc_acm$ENCIF_0$0$0           usb_cdc_acm
           00000098  Fusb_cdc_acm$S0CON$0$0             usb_cdc_acm
           00000099  Fadc$ENCIF_1$0$0                   adc
           00000099  Fboard$ENCIF_1$0$0                 board
           00000099  Fdma$ENCIF_1$0$0                   dma
           00000099  Fgreen_led$ENCIF_1$0$0             green_led
           00000099  Ftest_adc$ENCIF_1$0$0              test_adc
           00000099  Ftime$ENCIF_1$0$0                  time
           00000099  Fusb$ENCIF_1$0$0                   usb
           00000099  Fusb_cdc_acm$ENCIF_1$0$0           usb_cdc_acm
           0000009A  Fadc$IEN2$0$0                      adc
           0000009A  Fadc$_SOCON2$0$0                   adc
           0000009A  Fboard$IEN2$0$0                    board
           0000009A  Fboard$_SOCON2$0$0                 board
           0000009A  Fdma$IEN2$0$0                      dma
           0000009A  Fdma$_SOCON2$0$0                   dma
           0000009A  Fgreen_led$IEN2$0$0                green_led
           0000009A  Fgreen_led$_SOCON2$0$0             green_led
           0000009A  Ftest_adc$IEN2$0$0                 test_adc
           0000009A  Ftest_adc$_SOCON2$0$0              test_adc
           0000009A  Ftime$IEN2$0$0                     time
           0000009A  Ftime$_SOCON2$0$0                  time
           0000009A  Fusb$IEN2$0$0                      usb
           0000009A  Fusb$_SOCON2$0$0                   usb
           0000009A  Fusb_cdc_acm$IEN2$0$0              usb_cdc_acm
           0000009A  Fusb_cdc_acm$_SOCON2$0$0           usb_cdc_acm
           0000009B  Fadc$S1CON$0$0                     adc
           0000009B  Fadc$_SOCON3$0$0                   adc
           0000009B  Fboard$S1CON$0$0                   board
           0000009B  Fboard$_SOCON3$0$0                 board
           0000009B  Fdma$S1CON$0$0                     dma
           0000009B  Fdma$_SOCON3$0$0                   dma
           0000009B  Fgreen_led$S1CON$0$0               green_led
           0000009B  Fgreen_led$_SOCON3$0$0             green_led
           0000009B  Ftest_adc$S1CON$0$0                test_adc
           0000009B  Ftest_adc$_SOCON3$0$0              test_adc
           0000009B  Ftime$S1CON$0$0                    time
           0000009B  Ftime$_SOCON3$0$0                  time
           0000009B  Fusb$S1CON$0$0                     usb
ASxxxx Linker V02.00 + NoICE + sdld,  page 11.
Hexadecimal  [32-Bits]

Area                                    Addr        Size        Decimal Bytes (Attributes)
--------------------------------        ----        ----        ------- ----- ------------
.	.ABS.                             00000000    00000000 =           0. bytes (ABS,CON)

      Value  Global                              Global Defined In Module
      -----  --------------------------------   ------------------------
           0000009B  Fusb$_SOCON3$0$0                   usb
           0000009B  Fusb_cdc_acm$S1CON$0$0             usb_cdc_acm
           0000009B  Fusb_cdc_acm$_SOCON3$0$0           usb_cdc_acm
           0000009C  Fadc$T2CT$0$0                      adc
           0000009C  Fadc$_SOCON4$0$0                   adc
           0000009C  Fboard$T2CT$0$0                    board
           0000009C  Fboard$_SOCON4$0$0                 board
           0000009C  Fdma$T2CT$0$0                      dma
           0000009C  Fdma$_SOCON4$0$0                   dma
           0000009C  Fgreen_led$T2CT$0$0                green_led
           0000009C  Fgreen_led$_SOCON4$0$0             green_led
           0000009C  Ftest_adc$T2CT$0$0                 test_adc
           0000009C  Ftest_adc$_SOCON4$0$0              test_adc
           0000009C  Ftime$T2CT$0$0                     time
           0000009C  Ftime$_SOCON4$0$0                  time
           0000009C  Fusb$T2CT$0$0                      usb
           0000009C  Fusb$_SOCON4$0$0                   usb
           0000009C  Fusb_cdc_acm$T2CT$0$0              usb_cdc_acm
           0000009C  Fusb_cdc_acm$_SOCON4$0$0           usb_cdc_acm
           0000009D  Fadc$T2PR$0$0                      adc
           0000009D  Fadc$_SOCON5$0$0                   adc
           0000009D  Fboard$T2PR$0$0                    board
           0000009D  Fboard$_SOCON5$0$0                 board
           0000009D  Fdma$T2PR$0$0                      dma
           0000009D  Fdma$_SOCON5$0$0                   dma
           0000009D  Fgreen_led$T2PR$0$0                green_led
           0000009D  Fgreen_led$_SOCON5$0$0             green_led
           0000009D  Ftest_adc$T2PR$0$0                 test_adc
           0000009D  Ftest_adc$_SOCON5$0$0              test_adc
           0000009D  Ftime$T2PR$0$0                     time
           0000009D  Ftime$_SOCON5$0$0                  time
           0000009D  Fusb$T2PR$0$0                      usb
           0000009D  Fusb$_SOCON5$0$0                   usb
           0000009D  Fusb_cdc_acm$T2PR$0$0              usb_cdc_acm
           0000009D  Fusb_cdc_acm$_SOCON5$0$0           usb_cdc_acm
           0000009E  Fadc$T2CTL$0$0                     adc
           0000009E  Fadc$_SOCON6$0$0                   adc
           0000009E  Fboard$T2CTL$0$0                   board
           0000009E  Fboard$_SOCON6$0$0                 board
           0000009E  Fdma$T2CTL$0$0                     dma
           0000009E  Fdma$_SOCON6$0$0                   dma
           0000009E  Fgreen_led$T2CTL$0$0               green_led
           0000009E  Fgreen_led$_SOCON6$0$0             green_led
           0000009E  Ftest_adc$T2CTL$0$0                test_adc
           0000009E  Ftest_adc$_SOCON6$0$0              test_adc
           0000009E  Ftime$T2CTL$0$0                    time
           0000009E  Ftime$_SOCON6$0$0                  time
           0000009E  Fusb$T2CTL$0$0                     usb
           0000009E  Fusb$_SOCON6$0$0                   usb
           0000009E  Fusb_cdc_acm$T2CTL$0$0             usb_cdc_acm
           0000009E  Fusb_cdc_acm$_SOCON6$0$0           usb_cdc_acm
ASxxxx Linker V02.00 + NoICE + sdld,  page 12.
Hexadecimal  [32-Bits]

Area                                    Addr        Size        Decimal Bytes (Attributes)
--------------------------------        ----        ----        ------- ----- ------------
.	.ABS.                             00000000    00000000 =           0. bytes (ABS,CON)

      Value  Global                              Global Defined In Module
      -----  --------------------------------   ------------------------
           0000009F  Fadc$_SOCON7$0$0                   adc
           0000009F  Fboard$_SOCON7$0$0                 board
           0000009F  Fdma$_SOCON7$0$0                   dma
           0000009F  Fgreen_led$_SOCON7$0$0             green_led
           0000009F  Ftest_adc$_SOCON7$0$0              test_adc
           0000009F  Ftime$_SOCON7$0$0                  time
           0000009F  Fusb$_SOCON7$0$0                   usb
           0000009F  Fusb_cdc_acm$_SOCON7$0$0           usb_cdc_acm
           000000A0  Fadc$P2$0$0                        adc
           000000A0  Fadc$P2_0$0$0                      adc
           000000A0  Fboard$P2$0$0                      board
           000000A0  Fboard$P2_0$0$0                    board
           000000A0  Fdma$P2$0$0                        dma
           000000A0  Fdma$P2_0$0$0                      dma
           000000A0  Fgreen_led$P2$0$0                  green_led
           000000A0  Fgreen_led$P2_0$0$0                green_led
           000000A0  Ftest_adc$P2$0$0                   test_adc
           000000A0  Ftest_adc$P2_0$0$0                 test_adc
           000000A0  Ftime$P2$0$0                       time
           000000A0  Ftime$P2_0$0$0                     time
           000000A0  Fusb$P2$0$0                        usb
           000000A0  Fusb$P2_0$0$0                      usb
           000000A0  Fusb_cdc_acm$P2$0$0                usb_cdc_acm
           000000A0  Fusb_cdc_acm$P2_0$0$0              usb_cdc_acm
           000000A1  Fadc$P2_1$0$0                      adc
           000000A1  Fadc$WORIRQ$0$0                    adc
           000000A1  Fboard$P2_1$0$0                    board
           000000A1  Fboard$WORIRQ$0$0                  board
           000000A1  Fdma$P2_1$0$0                      dma
           000000A1  Fdma$WORIRQ$0$0                    dma
           000000A1  Fgreen_led$P2_1$0$0                green_led
           000000A1  Fgreen_led$WORIRQ$0$0              green_led
           000000A1  Ftest_adc$P2_1$0$0                 test_adc
           000000A1  Ftest_adc$WORIRQ$0$0               test_adc
           000000A1  Ftime$P2_1$0$0                     time
           000000A1  Ftime$WORIRQ$0$0                   time
           000000A1  Fusb$P2_1$0$0                      usb
           000000A1  Fusb$WORIRQ$0$0                    usb
           000000A1  Fusb_cdc_acm$P2_1$0$0              usb_cdc_acm
           000000A1  Fusb_cdc_acm$WORIRQ$0$0            usb_cdc_acm
           000000A2  Fadc$P2_2$0$0                      adc
           000000A2  Fadc$WORCTRL$0$0                   adc
           000000A2  Fboard$P2_2$0$0                    board
           000000A2  Fboard$WORCTRL$0$0                 board
           000000A2  Fdma$P2_2$0$0                      dma
           000000A2  Fdma$WORCTRL$0$0                   dma
           000000A2  Fgreen_led$P2_2$0$0                green_led
           000000A2  Fgreen_led$WORCTRL$0$0             green_led
           000000A2  Ftest_adc$P2_2$0$0                 test_adc
           000000A2  Ftest_adc$WORCTRL$0$0              test_adc
           000000A2  Ftime$P2_2$0$0                     time
ASxxxx Linker V02.00 + NoICE + sdld,  page 13.
Hexadecimal  [32-Bits]

Area                                    Addr        Size        Decimal Bytes (Attributes)
--------------------------------        ----        ----        ------- ----- ------------
.	.ABS.                             00000000    00000000 =           0. bytes (ABS,CON)

      Value  Global                              Global Defined In Module
      -----  --------------------------------   ------------------------
           000000A2  Ftime$WORCTRL$0$0                  time
           000000A2  Fusb$P2_2$0$0                      usb
           000000A2  Fusb$WORCTRL$0$0                   usb
           000000A2  Fusb_cdc_acm$P2_2$0$0              usb_cdc_acm
           000000A2  Fusb_cdc_acm$WORCTRL$0$0           usb_cdc_acm
           000000A3  Fadc$P2_3$0$0                      adc
           000000A3  Fadc$WOREVT0$0$0                   adc
           000000A3  Fboard$P2_3$0$0                    board
           000000A3  Fboard$WOREVT0$0$0                 board
           000000A3  Fdma$P2_3$0$0                      dma
           000000A3  Fdma$WOREVT0$0$0                   dma
           000000A3  Fgreen_led$P2_3$0$0                green_led
           000000A3  Fgreen_led$WOREVT0$0$0             green_led
           000000A3  Ftest_adc$P2_3$0$0                 test_adc
           000000A3  Ftest_adc$WOREVT0$0$0              test_adc
           000000A3  Ftime$P2_3$0$0                     time
           000000A3  Ftime$WOREVT0$0$0                  time
           000000A3  Fusb$P2_3$0$0                      usb
           000000A3  Fusb$WOREVT0$0$0                   usb
           000000A3  Fusb_cdc_acm$P2_3$0$0              usb_cdc_acm
           000000A3  Fusb_cdc_acm$WOREVT0$0$0           usb_cdc_acm
           000000A4  Fadc$P2_4$0$0                      adc
           000000A4  Fadc$WOREVT1$0$0                   adc
           000000A4  Fboard$P2_4$0$0                    board
           000000A4  Fboard$WOREVT1$0$0                 board
           000000A4  Fdma$P2_4$0$0                      dma
           000000A4  Fdma$WOREVT1$0$0                   dma
           000000A4  Fgreen_led$P2_4$0$0                green_led
           000000A4  Fgreen_led$WOREVT1$0$0             green_led
           000000A4  Ftest_adc$P2_4$0$0                 test_adc
           000000A4  Ftest_adc$WOREVT1$0$0              test_adc
           000000A4  Ftime$P2_4$0$0                     time
           000000A4  Ftime$WOREVT1$0$0                  time
           000000A4  Fusb$P2_4$0$0                      usb
           000000A4  Fusb$WOREVT1$0$0                   usb
           000000A4  Fusb_cdc_acm$P2_4$0$0              usb_cdc_acm
           000000A4  Fusb_cdc_acm$WOREVT1$0$0           usb_cdc_acm
           000000A5  Fadc$P2_5$0$0                      adc
           000000A5  Fadc$WORTIME0$0$0                  adc
           000000A5  Fboard$P2_5$0$0                    board
           000000A5  Fboard$WORTIME0$0$0                board
           000000A5  Fdma$P2_5$0$0                      dma
           000000A5  Fdma$WORTIME0$0$0                  dma
           000000A5  Fgreen_led$P2_5$0$0                green_led
           000000A5  Fgreen_led$WORTIME0$0$0            green_led
           000000A5  Ftest_adc$P2_5$0$0                 test_adc
           000000A5  Ftest_adc$WORTIME0$0$0             test_adc
           000000A5  Ftime$P2_5$0$0                     time
           000000A5  Ftime$WORTIME0$0$0                 time
           000000A5  Fusb$P2_5$0$0                      usb
           000000A5  Fusb$WORTIME0$0$0                  usb
ASxxxx Linker V02.00 + NoICE + sdld,  page 14.
Hexadecimal  [32-Bits]

Area                                    Addr        Size        Decimal Bytes (Attributes)
--------------------------------        ----        ----        ------- ----- ------------
.	.ABS.                             00000000    00000000 =           0. bytes (ABS,CON)

      Value  Global                              Global Defined In Module
      -----  --------------------------------   ------------------------
           000000A5  Fusb_cdc_acm$P2_5$0$0              usb_cdc_acm
           000000A5  Fusb_cdc_acm$WORTIME0$0$0          usb_cdc_acm
           000000A6  Fadc$P2_6$0$0                      adc
           000000A6  Fadc$WORTIME1$0$0                  adc
           000000A6  Fboard$P2_6$0$0                    board
           000000A6  Fboard$WORTIME1$0$0                board
           000000A6  Fdma$P2_6$0$0                      dma
           000000A6  Fdma$WORTIME1$0$0                  dma
           000000A6  Fgreen_led$P2_6$0$0                green_led
           000000A6  Fgreen_led$WORTIME1$0$0            green_led
           000000A6  Ftest_adc$P2_6$0$0                 test_adc
           000000A6  Ftest_adc$WORTIME1$0$0             test_adc
           000000A6  Ftime$P2_6$0$0                     time
           000000A6  Ftime$WORTIME1$0$0                 time
           000000A6  Fusb$P2_6$0$0                      usb
           000000A6  Fusb$WORTIME1$0$0                  usb
           000000A6  Fusb_cdc_acm$P2_6$0$0              usb_cdc_acm
           000000A6  Fusb_cdc_acm$WORTIME1$0$0          usb_cdc_acm
           000000A7  Fadc$P2_7$0$0                      adc
           000000A7  Fboard$P2_7$0$0                    board
           000000A7  Fdma$P2_7$0$0                      dma
           000000A7  Fgreen_led$P2_7$0$0                green_led
           000000A7  Ftest_adc$P2_7$0$0                 test_adc
           000000A7  Ftime$P2_7$0$0                     time
           000000A7  Fusb$P2_7$0$0                      usb
           000000A7  Fusb_cdc_acm$P2_7$0$0              usb_cdc_acm
           000000A8  Fadc$IEN0$0$0                      adc
           000000A8  Fadc$RFTXRXIE$0$0                  adc
           000000A8  Fboard$IEN0$0$0                    board
           000000A8  Fboard$RFTXRXIE$0$0                board
           000000A8  Fdma$IEN0$0$0                      dma
           000000A8  Fdma$RFTXRXIE$0$0                  dma
           000000A8  Fgreen_led$IEN0$0$0                green_led
           000000A8  Fgreen_led$RFTXRXIE$0$0            green_led
           000000A8  Ftest_adc$IEN0$0$0                 test_adc
           000000A8  Ftest_adc$RFTXRXIE$0$0             test_adc
           000000A8  Ftime$IEN0$0$0                     time
           000000A8  Ftime$RFTXRXIE$0$0                 time
           000000A8  Fusb$IEN0$0$0                      usb
           000000A8  Fusb$RFTXRXIE$0$0                  usb
           000000A8  Fusb_cdc_acm$IEN0$0$0              usb_cdc_acm
           000000A8  Fusb_cdc_acm$RFTXRXIE$0$0          usb_cdc_acm
           000000A9  Fadc$ADCIE$0$0                     adc
           000000A9  Fadc$IP0$0$0                       adc
           000000A9  Fboard$ADCIE$0$0                   board
           000000A9  Fboard$IP0$0$0                     board
           000000A9  Fdma$ADCIE$0$0                     dma
           000000A9  Fdma$IP0$0$0                       dma
           000000A9  Fgreen_led$ADCIE$0$0               green_led
           000000A9  Fgreen_led$IP0$0$0                 green_led
           000000A9  Ftest_adc$ADCIE$0$0                test_adc
ASxxxx Linker V02.00 + NoICE + sdld,  page 15.
Hexadecimal  [32-Bits]

Area                                    Addr        Size        Decimal Bytes (Attributes)
--------------------------------        ----        ----        ------- ----- ------------
.	.ABS.                             00000000    00000000 =           0. bytes (ABS,CON)

      Value  Global                              Global Defined In Module
      -----  --------------------------------   ------------------------
           000000A9  Ftest_adc$IP0$0$0                  test_adc
           000000A9  Ftime$ADCIE$0$0                    time
           000000A9  Ftime$IP0$0$0                      time
           000000A9  Fusb$ADCIE$0$0                     usb
           000000A9  Fusb$IP0$0$0                       usb
           000000A9  Fusb_cdc_acm$ADCIE$0$0             usb_cdc_acm
           000000A9  Fusb_cdc_acm$IP0$0$0               usb_cdc_acm
           000000AA  Fadc$URX0IE$0$0                    adc
           000000AA  Fboard$URX0IE$0$0                  board
           000000AA  Fdma$URX0IE$0$0                    dma
           000000AA  Fgreen_led$URX0IE$0$0              green_led
           000000AA  Ftest_adc$URX0IE$0$0               test_adc
           000000AA  Ftime$URX0IE$0$0                   time
           000000AA  Fusb$URX0IE$0$0                    usb
           000000AA  Fusb_cdc_acm$URX0IE$0$0            usb_cdc_acm
           000000AB  Fadc$FWT$0$0                       adc
           000000AB  Fadc$URX1IE$0$0                    adc
           000000AB  Fboard$FWT$0$0                     board
           000000AB  Fboard$URX1IE$0$0                  board
           000000AB  Fdma$FWT$0$0                       dma
           000000AB  Fdma$URX1IE$0$0                    dma
           000000AB  Fgreen_led$FWT$0$0                 green_led
           000000AB  Fgreen_led$URX1IE$0$0              green_led
           000000AB  Ftest_adc$FWT$0$0                  test_adc
           000000AB  Ftest_adc$URX1IE$0$0               test_adc
           000000AB  Ftime$FWT$0$0                      time
           000000AB  Ftime$URX1IE$0$0                   time
           000000AB  Fusb$FWT$0$0                       usb
           000000AB  Fusb$URX1IE$0$0                    usb
           000000AB  Fusb_cdc_acm$FWT$0$0               usb_cdc_acm
           000000AB  Fusb_cdc_acm$URX1IE$0$0            usb_cdc_acm
           000000AC  Fadc$ENCIE$0$0                     adc
           000000AC  Fadc$FADDRL$0$0                    adc
           000000AC  Fboard$ENCIE$0$0                   board
           000000AC  Fboard$FADDRL$0$0                  board
           000000AC  Fdma$ENCIE$0$0                     dma
           000000AC  Fdma$FADDRL$0$0                    dma
           000000AC  Fgreen_led$ENCIE$0$0               green_led
           000000AC  Fgreen_led$FADDRL$0$0              green_led
           000000AC  Ftest_adc$ENCIE$0$0                test_adc
           000000AC  Ftest_adc$FADDRL$0$0               test_adc
           000000AC  Ftime$ENCIE$0$0                    time
           000000AC  Ftime$FADDRL$0$0                   time
           000000AC  Fusb$ENCIE$0$0                     usb
           000000AC  Fusb$FADDRL$0$0                    usb
           000000AC  Fusb_cdc_acm$ENCIE$0$0             usb_cdc_acm
           000000AC  Fusb_cdc_acm$FADDRL$0$0            usb_cdc_acm
           000000AD  Fadc$FADDRH$0$0                    adc
           000000AD  Fadc$STIE$0$0                      adc
           000000AD  Fboard$FADDRH$0$0                  board
           000000AD  Fboard$STIE$0$0                    board
ASxxxx Linker V02.00 + NoICE + sdld,  page 16.
Hexadecimal  [32-Bits]

Area                                    Addr        Size        Decimal Bytes (Attributes)
--------------------------------        ----        ----        ------- ----- ------------
.	.ABS.                             00000000    00000000 =           0. bytes (ABS,CON)

      Value  Global                              Global Defined In Module
      -----  --------------------------------   ------------------------
           000000AD  Fdma$FADDRH$0$0                    dma
           000000AD  Fdma$STIE$0$0                      dma
           000000AD  Fgreen_led$FADDRH$0$0              green_led
           000000AD  Fgreen_led$STIE$0$0                green_led
           000000AD  Ftest_adc$FADDRH$0$0               test_adc
           000000AD  Ftest_adc$STIE$0$0                 test_adc
           000000AD  Ftime$FADDRH$0$0                   time
           000000AD  Ftime$STIE$0$0                     time
           000000AD  Fusb$FADDRH$0$0                    usb
           000000AD  Fusb$STIE$0$0                      usb
           000000AD  Fusb_cdc_acm$FADDRH$0$0            usb_cdc_acm
           000000AD  Fusb_cdc_acm$STIE$0$0              usb_cdc_acm
           000000AE  Fadc$FCTL$0$0                      adc
           000000AE  Fadc$_IEN06$0$0                    adc
           000000AE  Fboard$FCTL$0$0                    board
           000000AE  Fboard$_IEN06$0$0                  board
           000000AE  Fdma$FCTL$0$0                      dma
           000000AE  Fdma$_IEN06$0$0                    dma
           000000AE  Fgreen_led$FCTL$0$0                green_led
           000000AE  Fgreen_led$_IEN06$0$0              green_led
           000000AE  Ftest_adc$FCTL$0$0                 test_adc
           000000AE  Ftest_adc$_IEN06$0$0               test_adc
           000000AE  Ftime$FCTL$0$0                     time
           000000AE  Ftime$_IEN06$0$0                   time
           000000AE  Fusb$FCTL$0$0                      usb
           000000AE  Fusb$_IEN06$0$0                    usb
           000000AE  Fusb_cdc_acm$FCTL$0$0              usb_cdc_acm
           000000AE  Fusb_cdc_acm$_IEN06$0$0            usb_cdc_acm
           000000AF  Fadc$EA$0$0                        adc
           000000AF  Fadc$FWDATA$0$0                    adc
           000000AF  Fboard$EA$0$0                      board
           000000AF  Fboard$FWDATA$0$0                  board
           000000AF  Fdma$EA$0$0                        dma
           000000AF  Fdma$FWDATA$0$0                    dma
           000000AF  Fgreen_led$EA$0$0                  green_led
           000000AF  Fgreen_led$FWDATA$0$0              green_led
           000000AF  Ftest_adc$EA$0$0                   test_adc
           000000AF  Ftest_adc$FWDATA$0$0               test_adc
           000000AF  Ftime$EA$0$0                       time
           000000AF  Ftime$FWDATA$0$0                   time
           000000AF  Fusb$EA$0$0                        usb
           000000AF  Fusb$FWDATA$0$0                    usb
           000000AF  Fusb_cdc_acm$EA$0$0                usb_cdc_acm
           000000AF  Fusb_cdc_acm$FWDATA$0$0            usb_cdc_acm
           000000B1  Fadc$ENCDI$0$0                     adc
           000000B1  Fboard$ENCDI$0$0                   board
           000000B1  Fdma$ENCDI$0$0                     dma
           000000B1  Fgreen_led$ENCDI$0$0               green_led
           000000B1  Ftest_adc$ENCDI$0$0                test_adc
           000000B1  Ftime$ENCDI$0$0                    time
           000000B1  Fusb$ENCDI$0$0                     usb
ASxxxx Linker V02.00 + NoICE + sdld,  page 17.
Hexadecimal  [32-Bits]

Area                                    Addr        Size        Decimal Bytes (Attributes)
--------------------------------        ----        ----        ------- ----- ------------
.	.ABS.                             00000000    00000000 =           0. bytes (ABS,CON)

      Value  Global                              Global Defined In Module
      -----  --------------------------------   ------------------------
           000000B1  Fusb_cdc_acm$ENCDI$0$0             usb_cdc_acm
           000000B2  Fadc$ENCDO$0$0                     adc
           000000B2  Fboard$ENCDO$0$0                   board
           000000B2  Fdma$ENCDO$0$0                     dma
           000000B2  Fgreen_led$ENCDO$0$0               green_led
           000000B2  Ftest_adc$ENCDO$0$0                test_adc
           000000B2  Ftime$ENCDO$0$0                    time
           000000B2  Fusb$ENCDO$0$0                     usb
           000000B2  Fusb_cdc_acm$ENCDO$0$0             usb_cdc_acm
           000000B3  Fadc$ENCCS$0$0                     adc
           000000B3  Fboard$ENCCS$0$0                   board
           000000B3  Fdma$ENCCS$0$0                     dma
           000000B3  Fgreen_led$ENCCS$0$0               green_led
           000000B3  Ftest_adc$ENCCS$0$0                test_adc
           000000B3  Ftime$ENCCS$0$0                    time
           000000B3  Fusb$ENCCS$0$0                     usb
           000000B3  Fusb_cdc_acm$ENCCS$0$0             usb_cdc_acm
           000000B4  Fadc$ADCCON1$0$0                   adc
           000000B4  Fboard$ADCCON1$0$0                 board
           000000B4  Fdma$ADCCON1$0$0                   dma
           000000B4  Fgreen_led$ADCCON1$0$0             green_led
           000000B4  Ftest_adc$ADCCON1$0$0              test_adc
           000000B4  Ftime$ADCCON1$0$0                  time
           000000B4  Fusb$ADCCON1$0$0                   usb
           000000B4  Fusb_cdc_acm$ADCCON1$0$0           usb_cdc_acm
           000000B5  Fadc$ADCCON2$0$0                   adc
           000000B5  Fboard$ADCCON2$0$0                 board
           000000B5  Fdma$ADCCON2$0$0                   dma
           000000B5  Fgreen_led$ADCCON2$0$0             green_led
           000000B5  Ftest_adc$ADCCON2$0$0              test_adc
           000000B5  Ftime$ADCCON2$0$0                  time
           000000B5  Fusb$ADCCON2$0$0                   usb
           000000B5  Fusb_cdc_acm$ADCCON2$0$0           usb_cdc_acm
           000000B6  Fadc$ADCCON3$0$0                   adc
           000000B6  Fboard$ADCCON3$0$0                 board
           000000B6  Fdma$ADCCON3$0$0                   dma
           000000B6  Fgreen_led$ADCCON3$0$0             green_led
           000000B6  Ftest_adc$ADCCON3$0$0              test_adc
           000000B6  Ftime$ADCCON3$0$0                  time
           000000B6  Fusb$ADCCON3$0$0                   usb
           000000B6  Fusb_cdc_acm$ADCCON3$0$0           usb_cdc_acm
           000000B8  Fadc$DMAIE$0$0                     adc
           000000B8  Fadc$IEN1$0$0                      adc
           000000B8  Fboard$DMAIE$0$0                   board
           000000B8  Fboard$IEN1$0$0                    board
           000000B8  Fdma$DMAIE$0$0                     dma
           000000B8  Fdma$IEN1$0$0                      dma
           000000B8  Fgreen_led$DMAIE$0$0               green_led
           000000B8  Fgreen_led$IEN1$0$0                green_led
           000000B8  Ftest_adc$DMAIE$0$0                test_adc
           000000B8  Ftest_adc$IEN1$0$0                 test_adc
ASxxxx Linker V02.00 + NoICE + sdld,  page 18.
Hexadecimal  [32-Bits]

Area                                    Addr        Size        Decimal Bytes (Attributes)
--------------------------------        ----        ----        ------- ----- ------------
.	.ABS.                             00000000    00000000 =           0. bytes (ABS,CON)

      Value  Global                              Global Defined In Module
      -----  --------------------------------   ------------------------
           000000B8  Ftime$DMAIE$0$0                    time
           000000B8  Ftime$IEN1$0$0                     time
           000000B8  Fusb$DMAIE$0$0                     usb
           000000B8  Fusb$IEN1$0$0                      usb
           000000B8  Fusb_cdc_acm$DMAIE$0$0             usb_cdc_acm
           000000B8  Fusb_cdc_acm$IEN1$0$0              usb_cdc_acm
           000000B9  Fadc$IP1$0$0                       adc
           000000B9  Fadc$T1IE$0$0                      adc
           000000B9  Fboard$IP1$0$0                     board
           000000B9  Fboard$T1IE$0$0                    board
           000000B9  Fdma$IP1$0$0                       dma
           000000B9  Fdma$T1IE$0$0                      dma
           000000B9  Fgreen_led$IP1$0$0                 green_led
           000000B9  Fgreen_led$T1IE$0$0                green_led
           000000B9  Ftest_adc$IP1$0$0                  test_adc
           000000B9  Ftest_adc$T1IE$0$0                 test_adc
           000000B9  Ftime$IP1$0$0                      time
           000000B9  Ftime$T1IE$0$0                     time
           000000B9  Fusb$IP1$0$0                       usb
           000000B9  Fusb$T1IE$0$0                      usb
           000000B9  Fusb_cdc_acm$IP1$0$0               usb_cdc_acm
           000000B9  Fusb_cdc_acm$T1IE$0$0              usb_cdc_acm
           000000BA  Fadc$ADCL$0$0                      adc
           000000BA  Fadc$T2IE$0$0                      adc
           000000BA  Fboard$ADCL$0$0                    board
           000000BA  Fboard$T2IE$0$0                    board
           000000BA  Fdma$ADCL$0$0                      dma
           000000BA  Fdma$T2IE$0$0                      dma
           000000BA  Fgreen_led$ADCL$0$0                green_led
           000000BA  Fgreen_led$T2IE$0$0                green_led
           000000BA  Ftest_adc$ADCL$0$0                 test_adc
           000000BA  Ftest_adc$T2IE$0$0                 test_adc
           000000BA  Ftime$ADCL$0$0                     time
           000000BA  Ftime$T2IE$0$0                     time
           000000BA  Fusb$ADCL$0$0                      usb
           000000BA  Fusb$T2IE$0$0                      usb
           000000BA  Fusb_cdc_acm$ADCL$0$0              usb_cdc_acm
           000000BA  Fusb_cdc_acm$T2IE$0$0              usb_cdc_acm
           000000BB  Fadc$ADCH$0$0                      adc
           000000BB  Fadc$T3IE$0$0                      adc
           000000BB  Fboard$ADCH$0$0                    board
           000000BB  Fboard$T3IE$0$0                    board
           000000BB  Fdma$ADCH$0$0                      dma
           000000BB  Fdma$T3IE$0$0                      dma
           000000BB  Fgreen_led$ADCH$0$0                green_led
           000000BB  Fgreen_led$T3IE$0$0                green_led
           000000BB  Ftest_adc$ADCH$0$0                 test_adc
           000000BB  Ftest_adc$T3IE$0$0                 test_adc
           000000BB  Ftime$ADCH$0$0                     time
           000000BB  Ftime$T3IE$0$0                     time
           000000BB  Fusb$ADCH$0$0                      usb
ASxxxx Linker V02.00 + NoICE + sdld,  page 19.
Hexadecimal  [32-Bits]

Area                                    Addr        Size        Decimal Bytes (Attributes)
--------------------------------        ----        ----        ------- ----- ------------
.	.ABS.                             00000000    00000000 =           0. bytes (ABS,CON)

      Value  Global                              Global Defined In Module
      -----  --------------------------------   ------------------------
           000000BB  Fusb$T3IE$0$0                      usb
           000000BB  Fusb_cdc_acm$ADCH$0$0              usb_cdc_acm
           000000BB  Fusb_cdc_acm$T3IE$0$0              usb_cdc_acm
           000000BC  Fadc$RNDL$0$0                      adc
           000000BC  Fadc$T4IE$0$0                      adc
           000000BC  Fboard$RNDL$0$0                    board
           000000BC  Fboard$T4IE$0$0                    board
           000000BC  Fdma$RNDL$0$0                      dma
           000000BC  Fdma$T4IE$0$0                      dma
           000000BC  Fgreen_led$RNDL$0$0                green_led
           000000BC  Fgreen_led$T4IE$0$0                green_led
           000000BC  Ftest_adc$RNDL$0$0                 test_adc
           000000BC  Ftest_adc$T4IE$0$0                 test_adc
           000000BC  Ftime$RNDL$0$0                     time
           000000BC  Ftime$T4IE$0$0                     time
           000000BC  Fusb$RNDL$0$0                      usb
           000000BC  Fusb$T4IE$0$0                      usb
           000000BC  Fusb_cdc_acm$RNDL$0$0              usb_cdc_acm
           000000BC  Fusb_cdc_acm$T4IE$0$0              usb_cdc_acm
           000000BD  Fadc$P0IE$0$0                      adc
           000000BD  Fadc$RNDH$0$0                      adc
           000000BD  Fboard$P0IE$0$0                    board
           000000BD  Fboard$RNDH$0$0                    board
           000000BD  Fdma$P0IE$0$0                      dma
           000000BD  Fdma$RNDH$0$0                      dma
           000000BD  Fgreen_led$P0IE$0$0                green_led
           000000BD  Fgreen_led$RNDH$0$0                green_led
           000000BD  Ftest_adc$P0IE$0$0                 test_adc
           000000BD  Ftest_adc$RNDH$0$0                 test_adc
           000000BD  Ftime$P0IE$0$0                     time
           000000BD  Ftime$RNDH$0$0                     time
           000000BD  Fusb$P0IE$0$0                      usb
           000000BD  Fusb$RNDH$0$0                      usb
           000000BD  Fusb_cdc_acm$P0IE$0$0              usb_cdc_acm
           000000BD  Fusb_cdc_acm$RNDH$0$0              usb_cdc_acm
           000000BE  Fadc$SLEEP$0$0                     adc
           000000BE  Fadc$_IEN16$0$0                    adc
           000000BE  Fboard$SLEEP$0$0                   board
           000000BE  Fboard$_IEN16$0$0                  board
           000000BE  Fdma$SLEEP$0$0                     dma
           000000BE  Fdma$_IEN16$0$0                    dma
           000000BE  Fgreen_led$SLEEP$0$0               green_led
           000000BE  Fgreen_led$_IEN16$0$0              green_led
           000000BE  Ftest_adc$SLEEP$0$0                test_adc
           000000BE  Ftest_adc$_IEN16$0$0               test_adc
           000000BE  Ftime$SLEEP$0$0                    time
           000000BE  Ftime$_IEN16$0$0                   time
           000000BE  Fusb$SLEEP$0$0                     usb
           000000BE  Fusb$_IEN16$0$0                    usb
           000000BE  Fusb_cdc_acm$SLEEP$0$0             usb_cdc_acm
           000000BE  Fusb_cdc_acm$_IEN16$0$0            usb_cdc_acm
ASxxxx Linker V02.00 + NoICE + sdld,  page 20.
Hexadecimal  [32-Bits]

Area                                    Addr        Size        Decimal Bytes (Attributes)
--------------------------------        ----        ----        ------- ----- ------------
.	.ABS.                             00000000    00000000 =           0. bytes (ABS,CON)

      Value  Global                              Global Defined In Module
      -----  --------------------------------   ------------------------
           000000BF  Fadc$_IEN17$0$0                    adc
           000000BF  Fboard$_IEN17$0$0                  board
           000000BF  Fdma$_IEN17$0$0                    dma
           000000BF  Fgreen_led$_IEN17$0$0              green_led
           000000BF  Ftest_adc$_IEN17$0$0               test_adc
           000000BF  Ftime$_IEN17$0$0                   time
           000000BF  Fusb$_IEN17$0$0                    usb
           000000BF  Fusb_cdc_acm$_IEN17$0$0            usb_cdc_acm
           000000C0  Fadc$DMAIF$0$0                     adc
           000000C0  Fadc$IRCON$0$0                     adc
           000000C0  Fboard$DMAIF$0$0                   board
           000000C0  Fboard$IRCON$0$0                   board
           000000C0  Fdma$DMAIF$0$0                     dma
           000000C0  Fdma$IRCON$0$0                     dma
           000000C0  Fgreen_led$DMAIF$0$0               green_led
           000000C0  Fgreen_led$IRCON$0$0               green_led
           000000C0  Ftest_adc$DMAIF$0$0                test_adc
           000000C0  Ftest_adc$IRCON$0$0                test_adc
           000000C0  Ftime$DMAIF$0$0                    time
           000000C0  Ftime$IRCON$0$0                    time
           000000C0  Fusb$DMAIF$0$0                     usb
           000000C0  Fusb$IRCON$0$0                     usb
           000000C0  Fusb_cdc_acm$DMAIF$0$0             usb_cdc_acm
           000000C0  Fusb_cdc_acm$IRCON$0$0             usb_cdc_acm
           000000C1  Fadc$T1IF$0$0                      adc
           000000C1  Fadc$U0DBUF$0$0                    adc
           000000C1  Fboard$T1IF$0$0                    board
           000000C1  Fboard$U0DBUF$0$0                  board
           000000C1  Fdma$T1IF$0$0                      dma
           000000C1  Fdma$U0DBUF$0$0                    dma
           000000C1  Fgreen_led$T1IF$0$0                green_led
           000000C1  Fgreen_led$U0DBUF$0$0              green_led
           000000C1  Ftest_adc$T1IF$0$0                 test_adc
           000000C1  Ftest_adc$U0DBUF$0$0               test_adc
           000000C1  Ftime$T1IF$0$0                     time
           000000C1  Ftime$U0DBUF$0$0                   time
           000000C1  Fusb$T1IF$0$0                      usb
           000000C1  Fusb$U0DBUF$0$0                    usb
           000000C1  Fusb_cdc_acm$T1IF$0$0              usb_cdc_acm
           000000C1  Fusb_cdc_acm$U0DBUF$0$0            usb_cdc_acm
           000000C2  Fadc$T2IF$0$0                      adc
           000000C2  Fadc$U0BAUD$0$0                    adc
           000000C2  Fboard$T2IF$0$0                    board
           000000C2  Fboard$U0BAUD$0$0                  board
           000000C2  Fdma$T2IF$0$0                      dma
           000000C2  Fdma$U0BAUD$0$0                    dma
           000000C2  Fgreen_led$T2IF$0$0                green_led
           000000C2  Fgreen_led$U0BAUD$0$0              green_led
           000000C2  Ftest_adc$T2IF$0$0                 test_adc
           000000C2  Ftest_adc$U0BAUD$0$0               test_adc
           000000C2  Ftime$T2IF$0$0                     time
ASxxxx Linker V02.00 + NoICE + sdld,  page 21.
Hexadecimal  [32-Bits]

Area                                    Addr        Size        Decimal Bytes (Attributes)
--------------------------------        ----        ----        ------- ----- ------------
.	.ABS.                             00000000    00000000 =           0. bytes (ABS,CON)

      Value  Global                              Global Defined In Module
      -----  --------------------------------   ------------------------
           000000C2  Ftime$U0BAUD$0$0                   time
           000000C2  Fusb$T2IF$0$0                      usb
           000000C2  Fusb$U0BAUD$0$0                    usb
           000000C2  Fusb_cdc_acm$T2IF$0$0              usb_cdc_acm
           000000C2  Fusb_cdc_acm$U0BAUD$0$0            usb_cdc_acm
           000000C3  Fadc$T3IF$0$0                      adc
           000000C3  Fboard$T3IF$0$0                    board
           000000C3  Fdma$T3IF$0$0                      dma
           000000C3  Fgreen_led$T3IF$0$0                green_led
           000000C3  Ftest_adc$T3IF$0$0                 test_adc
           000000C3  Ftime$T3IF$0$0                     time
           000000C3  Fusb$T3IF$0$0                      usb
           000000C3  Fusb_cdc_acm$T3IF$0$0              usb_cdc_acm
           000000C4  Fadc$T4IF$0$0                      adc
           000000C4  Fadc$U0UCR$0$0                     adc
           000000C4  Fboard$T4IF$0$0                    board
           000000C4  Fboard$U0UCR$0$0                   board
           000000C4  Fdma$T4IF$0$0                      dma
           000000C4  Fdma$U0UCR$0$0                     dma
           000000C4  Fgreen_led$T4IF$0$0                green_led
           000000C4  Fgreen_led$U0UCR$0$0               green_led
           000000C4  Ftest_adc$T4IF$0$0                 test_adc
           000000C4  Ftest_adc$U0UCR$0$0                test_adc
           000000C4  Ftime$T4IF$0$0                     time
           000000C4  Ftime$U0UCR$0$0                    time
           000000C4  Fusb$T4IF$0$0                      usb
           000000C4  Fusb$U0UCR$0$0                     usb
           000000C4  Fusb_cdc_acm$T4IF$0$0              usb_cdc_acm
           000000C4  Fusb_cdc_acm$U0UCR$0$0             usb_cdc_acm
           000000C5  Fadc$P0IF$0$0                      adc
           000000C5  Fadc$U0GCR$0$0                     adc
           000000C5  Fboard$P0IF$0$0                    board
           000000C5  Fboard$U0GCR$0$0                   board
           000000C5  Fdma$P0IF$0$0                      dma
           000000C5  Fdma$U0GCR$0$0                     dma
           000000C5  Fgreen_led$P0IF$0$0                green_led
           000000C5  Fgreen_led$U0GCR$0$0               green_led
           000000C5  Ftest_adc$P0IF$0$0                 test_adc
           000000C5  Ftest_adc$U0GCR$0$0                test_adc
           000000C5  Ftime$P0IF$0$0                     time
           000000C5  Ftime$U0GCR$0$0                    time
           000000C5  Fusb$P0IF$0$0                      usb
           000000C5  Fusb$U0GCR$0$0                     usb
           000000C5  Fusb_cdc_acm$P0IF$0$0              usb_cdc_acm
           000000C5  Fusb_cdc_acm$U0GCR$0$0             usb_cdc_acm
           000000C6  Fadc$CLKCON$0$0                    adc
           000000C6  Fadc$_IRCON6$0$0                   adc
           000000C6  Fboard$CLKCON$0$0                  board
           000000C6  Fboard$_IRCON6$0$0                 board
           000000C6  Fdma$CLKCON$0$0                    dma
           000000C6  Fdma$_IRCON6$0$0                   dma
ASxxxx Linker V02.00 + NoICE + sdld,  page 22.
Hexadecimal  [32-Bits]

Area                                    Addr        Size        Decimal Bytes (Attributes)
--------------------------------        ----        ----        ------- ----- ------------
.	.ABS.                             00000000    00000000 =           0. bytes (ABS,CON)

      Value  Global                              Global Defined In Module
      -----  --------------------------------   ------------------------
           000000C6  Fgreen_led$CLKCON$0$0              green_led
           000000C6  Fgreen_led$_IRCON6$0$0             green_led
           000000C6  Ftest_adc$CLKCON$0$0               test_adc
           000000C6  Ftest_adc$_IRCON6$0$0              test_adc
           000000C6  Ftime$CLKCON$0$0                   time
           000000C6  Ftime$_IRCON6$0$0                  time
           000000C6  Fusb$CLKCON$0$0                    usb
           000000C6  Fusb$_IRCON6$0$0                   usb
           000000C6  Fusb_cdc_acm$CLKCON$0$0            usb_cdc_acm
           000000C6  Fusb_cdc_acm$_IRCON6$0$0           usb_cdc_acm
           000000C7  Fadc$MEMCTR$0$0                    adc
           000000C7  Fadc$STIF$0$0                      adc
           000000C7  Fboard$MEMCTR$0$0                  board
           000000C7  Fboard$STIF$0$0                    board
           000000C7  Fdma$MEMCTR$0$0                    dma
           000000C7  Fdma$STIF$0$0                      dma
           000000C7  Fgreen_led$MEMCTR$0$0              green_led
           000000C7  Fgreen_led$STIF$0$0                green_led
           000000C7  Ftest_adc$MEMCTR$0$0               test_adc
           000000C7  Ftest_adc$STIF$0$0                 test_adc
           000000C7  Ftime$MEMCTR$0$0                   time
           000000C7  Ftime$STIF$0$0                     time
           000000C7  Fusb$MEMCTR$0$0                    usb
           000000C7  Fusb$STIF$0$0                      usb
           000000C7  Fusb_cdc_acm$MEMCTR$0$0            usb_cdc_acm
           000000C7  Fusb_cdc_acm$STIF$0$0              usb_cdc_acm
           000000C9  Fadc$WDCTL$0$0                     adc
           000000C9  Fboard$WDCTL$0$0                   board
           000000C9  Fdma$WDCTL$0$0                     dma
           000000C9  Fgreen_led$WDCTL$0$0               green_led
           000000C9  Ftest_adc$WDCTL$0$0                test_adc
           000000C9  Ftime$WDCTL$0$0                    time
           000000C9  Fusb$WDCTL$0$0                     usb
           000000C9  Fusb_cdc_acm$WDCTL$0$0             usb_cdc_acm
           000000CA  Fadc$T3CNT$0$0                     adc
           000000CA  Fboard$T3CNT$0$0                   board
           000000CA  Fdma$T3CNT$0$0                     dma
           000000CA  Fgreen_led$T3CNT$0$0               green_led
           000000CA  Ftest_adc$T3CNT$0$0                test_adc
           000000CA  Ftime$T3CNT$0$0                    time
           000000CA  Fusb$T3CNT$0$0                     usb
           000000CA  Fusb_cdc_acm$T3CNT$0$0             usb_cdc_acm
           000000CB  Fadc$T3CTL$0$0                     adc
           000000CB  Fboard$T3CTL$0$0                   board
           000000CB  Fdma$T3CTL$0$0                     dma
           000000CB  Fgreen_led$T3CTL$0$0               green_led
           000000CB  Ftest_adc$T3CTL$0$0                test_adc
           000000CB  Ftime$T3CTL$0$0                    time
           000000CB  Fusb$T3CTL$0$0                     usb
           000000CB  Fusb_cdc_acm$T3CTL$0$0             usb_cdc_acm
           000000CC  Fadc$T3CCTL0$0$0                   adc
ASxxxx Linker V02.00 + NoICE + sdld,  page 23.
Hexadecimal  [32-Bits]

Area                                    Addr        Size        Decimal Bytes (Attributes)
--------------------------------        ----        ----        ------- ----- ------------
.	.ABS.                             00000000    00000000 =           0. bytes (ABS,CON)

      Value  Global                              Global Defined In Module
      -----  --------------------------------   ------------------------
           000000CC  Fboard$T3CCTL0$0$0                 board
           000000CC  Fdma$T3CCTL0$0$0                   dma
           000000CC  Fgreen_led$T3CCTL0$0$0             green_led
           000000CC  Ftest_adc$T3CCTL0$0$0              test_adc
           000000CC  Ftime$T3CCTL0$0$0                  time
           000000CC  Fusb$T3CCTL0$0$0                   usb
           000000CC  Fusb_cdc_acm$T3CCTL0$0$0           usb_cdc_acm
           000000CD  Fadc$T3CC0$0$0                     adc
           000000CD  Fboard$T3CC0$0$0                   board
           000000CD  Fdma$T3CC0$0$0                     dma
           000000CD  Fgreen_led$T3CC0$0$0               green_led
           000000CD  Ftest_adc$T3CC0$0$0                test_adc
           000000CD  Ftime$T3CC0$0$0                    time
           000000CD  Fusb$T3CC0$0$0                     usb
           000000CD  Fusb_cdc_acm$T3CC0$0$0             usb_cdc_acm
           000000CE  Fadc$T3CCTL1$0$0                   adc
           000000CE  Fboard$T3CCTL1$0$0                 board
           000000CE  Fdma$T3CCTL1$0$0                   dma
[...]
     0C:   0000156B  G$getMs$0$0                        time
     0C:   0000156B  _getMs                             time
     0C:   0000156D  A$time$792                         time
     0C:   0000156E  A$time$793                         time
     0C:   0000156F  A$time$794                         time
     0C:   00001570  A$time$797                         time
     0C:   00001570  C$time.c$23$1$1                    time
     0C:   00001572  A$time$800                         time
     0C:   00001572  C$time.c$24$1$1                    time
     0C:   00001574  A$time$801                         time
     0C:   00001575  A$time$802                         time
     0C:   00001576  A$time$803                         time
     0C:   00001577  A$time$804                         time
     0C:   00001578  A$time$805                         time
     0C:   00001579  A$time$806                         time
     0C:   0000157A  A$time$807                         time
     0C:   0000157B  A$time$808                         time
     0C:   0000157C  A$time$809                         time
ASxxxx Linker V02.00 + NoICE + sdld,  page 127.
Hexadecimal  [32-Bits]

Area                                    Addr        Size        Decimal Bytes (Attributes)
--------------------------------        ----        ----        ------- ----- ------------
CSEG                                00000506    00001A8D =        6797. bytes (REL,CON,CODE)

      Value  Global                              Global Defined In Module
      -----  --------------------------------   ------------------------
     0C:   0000157D  A$time$810                         time
     0C:   0000157E  A$time$811                         time
     0C:   0000157F  A$time$814                         time
     0C:   0000157F  C$time.c$25$1$1                    time
     0C:   00001580  A$time$815                         time
     0C:   00001582  A$time$816                         time
     0C:   00001584  A$time$819                         time
     0C:   00001584  C$time.c$26$1$1                    time
     0C:   00001586  A$time$820                         time
     0C:   00001588  A$time$821                         time
     0C:   0000158A  A$time$822                         time
     0C:   0000158B  A$time$825                         time
     0C:   0000158B  C$time.c$27$1$1                    time
     0C:   0000158B  XG$getMs$0$0                       time
     0C:   0000158C  A$time$838                         time
     0C:   0000158C  C$time.c$29$1$1                    time
     0C:   0000158C  C$time.c$31$1$1                    time
     0C:   0000158C  G$timeInit$0$0                     time
     0C:   0000158C  _timeInit                          time
     0C:   0000158F  A$time$841                         time
     0C:   0000158F  C$time.c$32$1$1                    time
     0C:   00001591  A$time$844                         time
     0C:   00001591  C$time.c$38$1$1                    time
     0C:   00001594  A$time$847                         time
     0C:   00001594  C$time.c$40$1$1                    time
     0C:   00001596  A$time$850                         time
     0C:   00001596  C$time.c$41$1$1                    time
     0C:   00001596  XG$timeInit$0$0                    time
     0C:   00001597  A$time$861                         time
     0C:   00001597  C$time.c$43$1$1                    time
     0C:   00001597  G$delayMs$0$0                      time
     0C:   00001597  _delayMs                           time
     0C:   00001599  A$time$862                         time
     0C:   0000159B  A$time$866                         time
     0C:   0000159B  C$time.c$49$1$1                    time
     0C:   0000159D  A$time$867                         time
     0C:   0000159F  A$time$868                         time
     0C:   000015A0  A$time$869                         time
     0C:   000015A3  A$time$870                         time
     0C:   000015A4  A$time$872                         time
     0C:   000015A5  A$time$873                         time
     0C:   000015A6  A$time$874                         time
     0C:   000015A8  A$time$877                         time
     0C:   000015A8  C$time.c$51$2$2                    time
     0C:   000015AB  A$time$878                         time
     0C:   000015AD  A$time$879                         time
     0C:   000015AF  A$time$880                         time
     0C:   000015B2  A$time$883                         time
     0C:   000015B2  C$time.c$52$2$2                    time
     0C:   000015B5  A$time$884                         time
     0C:   000015B8  A$time$887                         time
ASxxxx Linker V02.00 + NoICE + sdld,  page 128.
Hexadecimal  [32-Bits]

Area                                    Addr        Size        Decimal Bytes (Attributes)
--------------------------------        ----        ----        ------- ----- ------------
CSEG                                00000506    00001A8D =        6797. bytes (REL,CON,CODE)

      Value  Global                              Global Defined In Module
      -----  --------------------------------   ------------------------
     0C:   000015B8  C$time.c$53$2$2                    time
     0C:   000015BB  A$time$888                         time
     0C:   000015BE  A$time$891                         time
     0C:   000015BE  C$time.c$54$2$2                    time
     0C:   000015C1  A$time$892                         time
     0C:   000015C4  A$time$893                         time
     0C:   000015C6  A$time$894                         time
     0C:   000015C8  A$time$895                         time
     0C:   000015CA  A$time$899                         time
     0C:   000015CA  C$time.c$56$1$1                    time
     0C:   000015CA  XG$delayMs$0$0                     time
     0C:   000015CB  __divslong                         _divslong
     0C:   000016A0  A$dma$745                          dma
     0C:   000016A0  C$dma.c$7$0$0                      dma
     0C:   000016A0  C$dma.c$9$1$1                      dma
     0C:   000016A0  G$dmaInit$0$0                      dma
     0C:   000016A0  _dmaInit                           dma
     0C:   000016A3  A$dma$746                          dma
     0C:   000016A6  A$dma$749                          dma
     0C:   000016A6  C$dma.c$10$1$1                     dma
     0C:   000016A6  XG$dmaInit$0$0                     dma
     0C:   000016A7  __divulong                         _divulong
     0C:   00001748  A$green_led$761                    green_led
     0C:   00001748  C$green_led.c$13$0$0               green_led
     0C:   00001748  C$green_led.c$15$1$1               green_led
     0C:   00001748  C$green_led.c$18$2$2               green_led
     0C:   00001748  G$usbShowStatusWithGreenLed$0$0    green_led
     0C:   00001748  _usbShowStatusWithGreenLed         green_led
     0C:   0000174B  A$green_led$762                    green_led
     0C:   0000174D  A$green_led$766                    green_led
     0C:   0000174D  C$green_led.c$21$2$2               green_led
     0C:   00001750  A$green_led$767                    green_led
     0C:   00001751  A$green_led$768                    green_led
     0C:   00001752  A$green_led$769                    green_led
     0C:   00001754  A$green_led$770                    green_led
     0C:   00001755  A$green_led$773                    green_led
     0C:   00001755  C$green_led.c$25$2$2               green_led
     0C:   00001758  A$green_led$776                    green_led
     0C:   00001758  C$green_led.c$27$3$3               green_led
     0C:   0000175A  A$green_led$779                    green_led
     0C:   0000175A  C$green_led.c$28$3$3               green_led
     0C:   0000175D  A$green_led$780                    green_led
     0C:   0000175E  A$green_led$781                    green_led
     0C:   0000175F  A$green_led$782                    green_led
     0C:   00001761  A$green_led$783                    green_led
     0C:   00001762  A$green_led$787                    green_led
     0C:   00001762  C$green_led.c$32$1$1               green_led
     0C:   00001765  A$green_led$788                    green_led
     0C:   00001767  A$green_led$789                    green_led
     0C:   0000176A  A$green_led$790                    green_led
     0C:   0000176B  A$green_led$791                    green_led
ASxxxx Linker V02.00 + NoICE + sdld,  page 129.
Hexadecimal  [32-Bits]

Area                                    Addr        Size        Decimal Bytes (Attributes)
--------------------------------        ----        ----        ------- ----- ------------
CSEG                                00000506    00001A8D =        6797. bytes (REL,CON,CODE)

      Value  Global                              Global Defined In Module
      -----  --------------------------------   ------------------------
     0C:   0000176C  A$green_led$792                    green_led
     0C:   0000176E  A$green_led$796                    green_led
     0C:   0000176E  C$green_led.c$34$3$5               green_led
     0C:   00001770  A$green_led$797                    green_led
     0C:   00001773  A$green_led$798                    green_led
     0C:   00001775  A$green_led$799                    green_led
     0C:   00001777  A$green_led$803                    green_led
     0C:   00001777  C$green_led.c$37$1$1               green_led
     0C:   0000177A  A$green_led$806                    green_led
     0C:   0000177A  C$green_led.c$39$2$6               green_led
     0C:   0000177D  A$green_led$809                    green_led
     0C:   0000177D  C$green_led.c$41$4$8               green_led
     0C:   00001780  A$green_led$810                    green_led
     0C:   00001781  A$green_led$811                    green_led
     0C:   00001782  A$green_led$812                    green_led
     0C:   00001784  A$green_led$813                    green_led
     0C:   00001786  A$green_led$814                    green_led
     0C:   00001787  A$green_led$815                    green_led
     0C:   00001788  A$green_led$816                    green_led
     0C:   0000178A  A$green_led$817                    green_led
     0C:   0000178B  A$green_led$818                    green_led
     0C:   0000178C  A$green_led$819                    green_led
     0C:   0000178D  A$green_led$820                    green_led
     0C:   0000178E  A$green_led$821                    green_led
     0C:   0000178F  A$green_led$822                    green_led
     0C:   00001790  A$green_led$823                    green_led
     0C:   00001791  A$green_led$824                    green_led
     0C:   00001792  A$green_led$825                    green_led
     0C:   00001795  A$green_led$826                    green_led
     0C:   00001798  A$green_led$827                    green_led
     0C:   0000179A  A$green_led$829                    green_led
     0C:   0000179C  A$green_led$830                    green_led
     0C:   0000179F  A$green_led$831                    green_led
     0C:   000017A1  A$green_led$835                    green_led
     0C:   000017A1  C$green_led.c$43$3$7               green_led
     0C:   000017A4  A$green_led$836                    green_led
     0C:   000017A5  A$green_led$837                    green_led
     0C:   000017A6  A$green_led$838                    green_led
     0C:   000017A8  A$green_led$839                    green_led
     0C:   000017A9  A$green_led$840                    green_led
     0C:   000017AA  A$green_led$841                    green_led
     0C:   000017AB  A$green_led$842                    green_led
     0C:   000017AC  A$green_led$843                    green_led
     0C:   000017AD  A$green_led$844                    green_led
     0C:   000017AF  A$green_led$845                    green_led
     0C:   000017B1  A$green_led$848                    green_led
     0C:   000017B1  C$green_led.c$45$4$9               green_led
     0C:   000017B3  A$green_led$849                    green_led
     0C:   000017B5  A$green_led$853                    green_led
     0C:   000017B5  C$green_led.c$50$4$11              green_led
     0C:   000017B8  A$green_led$854                    green_led
ASxxxx Linker V02.00 + NoICE + sdld,  page 130.
Hexadecimal  [32-Bits]

Area                                    Addr        Size        Decimal Bytes (Attributes)
--------------------------------        ----        ----        ------- ----- ------------
CSEG                                00000506    00001A8D =        6797. bytes (REL,CON,CODE)

      Value  Global                              Global Defined In Module
      -----  --------------------------------   ------------------------
     0C:   000017BA  A$green_led$858                    green_led
     0C:   000017BA  C$green_led.c$57$3$13              green_led
     0C:   000017BD  A$green_led$859                    green_led
     0C:   000017BF  A$green_led$860                    green_led
     0C:   000017C1  A$green_led$861                    green_led
     0C:   000017C2  A$green_led$862                    green_led
     0C:   000017C3  A$green_led$863                    green_led
     0C:   000017C4  A$green_led$864                    green_led
     0C:   000017C6  A$green_led$865                    green_led
     0C:   000017C7  A$green_led$866                    green_led
     0C:   000017C9  A$green_led$867                    green_led
     0C:   000017CC  A$green_led$868                    green_led
     0C:   000017CE  A$green_led$870                    green_led
     0C:   000017D0  A$green_led$871                    green_led
     0C:   000017D3  A$green_led$872                    green_led
     0C:   000017D5  A$green_led$876                    green_led
     0C:   000017D5  C$green_led.c$59$1$1               green_led
     0C:   000017D5  XG$usbShowStatusWithGreenLed$0$0   green_led
     0C:   000017E1  _vprintf                           vprintf
     0C:   00001805  _printf                            vprintf
     0C:   000018F5  __print_format                     printf_large
     0C:   00001F44  _strlen                            _strlen
     0C:   00001F5C  __gptrget                          _gptrget
     0C:   00001F78  __sdcc_external_startup            _startup
     0C:   00001F8B  _delayMicroseconds                 delay
ASxxxx Linker V02.00 + NoICE + sdld,  page 131.
Hexadecimal  [32-Bits]

Area                                    Addr        Size        Decimal Bytes (Attributes)
--------------------------------        ----        ----        ------- ----- ------------
CONST                               00001F93    0000010E =         270. bytes (REL,CON,CODE)

      Value  Global                              Global Defined In Module
      -----  --------------------------------   ------------------------
     0C:   00001F93  G$param_input_mode$0$0             test_adc
     0C:   00001F93  _param_input_mode                  test_adc
     0C:   00001F97  G$param_bar_graph$0$0              test_adc
     0C:   00001F97  _param_bar_graph                   test_adc
     0C:   00001F9B  G$param_report_period_ms$0$0       test_adc
     0C:   00001F9B  _param_report_period_ms            test_adc
     0C:   00001F9F  Ftest_adc$_str_0$0$0               test_adc
     0C:   00001FAD  Ftest_adc$_str_1$0$0               test_adc
     0C:   00001FB4  Ftest_adc$_str_2$0$0               test_adc
     0C:   00001FB9  Ftest_adc$_str_3$0$0               test_adc
     0C:   00001FBE  Ftest_adc$_str_4$0$0               test_adc
     0C:   00001FC3  Ftest_adc$_str_5$0$0               test_adc
     0C:   00001FC8  Ftest_adc$_str_6$0$0               test_adc
     0C:   00001FCD  Ftest_adc$_str_7$0$0               test_adc
     0C:   00001FD2  Ftest_adc$_str_8$0$0               test_adc
     0C:   00001FDE  Ftest_adc$_str_9$0$0               test_adc
     0C:   00002002  G$usbDeviceDescriptor$0$0          usb_cdc_acm
     0C:   00002002  _usbDeviceDescriptor               usb_cdc_acm
     0C:   00002014  G$usbConfigurationDescriptor$0$0   usb_cdc_acm
     0C:   00002014  _usbConfigurationDescriptor        usb_cdc_acm
     0C:   00002057  G$usbStringDescriptorCount$0$0     usb_cdc_acm
     0C:   00002057  _usbStringDescriptorCount          usb_cdc_acm
     0C:   00002058  Fusb_cdc_acm$languages$0$0         usb_cdc_acm
     0C:   0000205C  Fusb_cdc_acm$manufacturer$0$0      usb_cdc_acm
     0C:   00002082  Fusb_cdc_acm$product$0$0           usb_cdc_acm
     0C:   0000208E  G$usbStringDescriptors$0$0         usb_cdc_acm
     0C:   0000208E  _usbStringDescriptors              usb_cdc_acm
ASxxxx Linker V02.00 + NoICE + sdld,  page 132.
Hexadecimal  [32-Bits]

Area                                    Addr        Size        Decimal Bytes (Attributes)
--------------------------------        ----        ----        ------- ----- ------------
XINIT                               000020A1    00000009 =           9. bytes (REL,CON,CODE)

      Value  Global                              Global Defined In Module
      -----  --------------------------------   ------------------------
     0C:   000020A1  Fusb_cdc_acm$__xinit_usbComLineC   usb_cdc_acm
     0C:   000020A8  Fusb$__xinit_usbDeviceState$0$0    usb
     0C:   000020A9  Fusb$__xinit_controlTransferStat   usb
ASxxxx Linker V02.00 + NoICE + sdld,  page 133.

Files Linked                              [ module(s) ]

libraries/xpage/xpage.rel                 [  ]
apps/test_adc/test_adc.rel                [  ]


Libraries Linked                          [ object file ]

libraries/lib/adc.lib                     [ adc ]
/Developer/sdcc/bin/../share/sdcc/lib/medium/mcs51.lib
                                          [ crtclear.rel ]
/Developer/sdcc/bin/../share/sdcc/lib/medium/mcs51.lib
                                          [ crtxinit.rel ]
libraries/lib/adc.lib                     [ millivolts ]
libraries/lib/usb_cdc_acm.lib             [ usb_cdc_acm ]
libraries/lib/usb.lib                     [ usb ]
libraries/lib/wixel.lib                   [ board ]
/Developer/sdcc/bin/../share/sdcc/lib/medium/liblong.lib
                                          [ _mullong.rel ]
libraries/lib/wixel.lib                   [ fixed ]
libraries/lib/wixel.lib                   [ time ]
/Developer/sdcc/bin/../share/sdcc/lib/medium/mcs51.lib
                                          [ crtxclear.rel ]
/Developer/sdcc/bin/../share/sdcc/lib/medium/liblong.lib
                                          [ _divslong.rel ]
libraries/lib/dma.lib                     [ dma ]
/Developer/sdcc/bin/../share/sdcc/lib/medium/liblong.lib
                                          [ _divulong.rel ]
/Developer/sdcc/bin/../share/sdcc/lib/medium/mcs51.lib
                                          [ crtcall.rel ]
libraries/lib/usb.lib                     [ green_led ]
/Developer/sdcc/bin/../share/sdcc/lib/medium/libsdcc.lib
                                          [ vprintf.rel ]
/Developer/sdcc/bin/../share/sdcc/lib/medium/libsdcc.lib
                                          [ printf_large.rel ]
/Developer/sdcc/bin/../share/sdcc/lib/medium/libsdcc.lib
                                          [ _strlen.rel ]
/Developer/sdcc/bin/../share/sdcc/lib/medium/mcs51.lib
                                          [ crtstart.rel ]
/Developer/sdcc/bin/../share/sdcc/lib/medium/libsdcc.lib
                                          [ _gptrget.rel ]
/Developer/sdcc/bin/../share/sdcc/lib/medium/libsdcc.lib
                                          [ _startup.rel ]
libraries/lib/wixel.lib                   [ delay ]
/Developer/sdcc/bin/../share/sdcc/lib/medium/libsdcc.lib
                                          [ _bp.rel ]

ASxxxx Linker V02.00 + NoICE + sdld,  page 134.

User Base Address Definitions

HOME = 0x0400
XSEG = 0xf000
PSEG = 0xf000
ISEG = 0x0000
BSEG = 0x0000

